Category: 📡辽宁频道, Name: 辽宁卫视, Total: 23, Valid: 14, Valid Percent: 60.87%, Whitelist: 0, IPv4: 23, IPv6: 0, Min Delay: 459 ms, Max Speed: 0.89 M/s, Avg Speed: 0.40 M/s, Max Resolution: 1920x1080
Category: 📡辽宁频道, Name: 东方财经, Total: 3, Valid: 2, Valid Percent: 66.67%, Whitelist: 0, IPv4: 3, IPv6: 0, Min Delay: 517 ms, Max Speed: 0.06 M/s, Avg Speed: 0.06 M/s, Max Resolution: 576x320
Category: 📡辽宁频道, Name: 华数精选, Total: 2, Valid: 2, Valid Percent: 100.00%, Whitelist: 0, IPv4: 2, IPv6: 0, Min Delay: 475 ms, Max Speed: 0.05 M/s, Avg Speed: 0.04 M/s, Max Resolution: None
Category: 📡辽宁频道, Name: 欢笑剧场4K, Total: 8, Valid: 6, Valid Percent: 75.00%, Whitelist: 0, IPv4: 8, IPv6: 0, Min Delay: 456 ms, Max Speed: 1.06 M/s, Avg Speed: 0.57 M/s, Max Resolution: 3840x2160
Category: 📡辽宁频道, Name: 都市剧场, Total: 1, Valid: 0, Valid Percent: 0.00%, Whitelist: 0, IPv4: 1, IPv6: 0, Min Delay: -1 ms, Max Speed: 0.00 M/s, Avg Speed: 0.00 M/s, Max Resolution: None
Category: 📡辽宁频道, Name: 文物宝库, Total: 1, Valid: 0, Valid Percent: 0.00%, Whitelist: 0, IPv4: 1, IPv6: 0, Min Delay: -1 ms, Max Speed: 0.00 M/s, Avg Speed: 0.00 M/s, Max Resolution: None
Category: 📡辽宁频道, Name: 中国天气, Total: 7, Valid: 4, Valid Percent: 57.14%, Whitelist: 0, IPv4: 7, IPv6: 0, Min Delay: 476 ms, Max Speed: 0.17 M/s, Avg Speed: 0.09 M/s, Max Resolution: 1920x1080
Category: 📡辽宁频道, Name: 中华特产, Total: 1, Valid: 0, Valid Percent: 0.00%, Whitelist: 0, IPv4: 1, IPv6: 0, Min Delay: -1 ms, Max Speed: 0.00 M/s, Avg Speed: 0.00 M/s, Max Resolution: None
Category: 📡辽宁频道, Name: 生活时尚, Total: 3, Valid: 2, Valid Percent: 66.67%, Whitelist: 0, IPv4: 3, IPv6: 0, Min Delay: 517 ms, Max Speed: 0.05 M/s, Avg Speed: 0.05 M/s, Max Resolution: 0x0
Category: 📡辽宁频道, Name: 梨园频道, Total: 2, Valid: 0, Valid Percent: 0.00%, Whitelist: 0, IPv4: 2, IPv6: 0, Min Delay: 531 ms, Max Speed: 0.00 M/s, Avg Speed: 0.00 M/s, Max Resolution: None
Category: 📡辽宁频道, Name: 财富天下, Total: 5, Valid: 0, Valid Percent: 0.00%, Whitelist: 0, IPv4: 5, IPv6: 0, Min Delay: 488 ms, Max Speed: 0.00 M/s, Avg Speed: 0.00 M/s, Max Resolution: None
Category: 📡辽宁频道, Name: 金色学堂, Total: 1, Valid: 0, Valid Percent: 0.00%, Whitelist: 0, IPv4: 1, IPv6: 0, Min Delay: -1 ms, Max Speed: 0.00 M/s, Avg Speed: 0.00 M/s, Max Resolution: None
Category: 📡辽宁频道, Name: 法治天地, Total: 1, Valid: 0, Valid Percent: 0.00%, Whitelist: 0, IPv4: 1, IPv6: 0, Min Delay: -1 ms, Max Speed: 0.00 M/s, Avg Speed: 0.00 M/s, Max Resolution: None
Category: 📡辽宁频道, Name: 四海钓鱼, Total: 3, Valid: 0, Valid Percent: 0.00%, Whitelist: 0, IPv4: 3, IPv6: 0, Min Delay: -1 ms, Max Speed: 0.00 M/s, Avg Speed: 0.00 M/s, Max Resolution: None
Category: 📡辽宁频道, Name: 武术世界, Total: 6, Valid: 2, Valid Percent: 33.33%, Whitelist: 0, IPv4: 6, IPv6: 0, Min Delay: 466 ms, Max Speed: 0.23 M/s, Avg Speed: 0.13 M/s, Max Resolution: 0x0
Category: 📡辽宁频道, Name: 游戏风云, Total: 7, Valid: 6, Valid Percent: 85.71%, Whitelist: 0, IPv4: 7, IPv6: 0, Min Delay: 507 ms, Max Speed: 0.86 M/s, Avg Speed: 0.23 M/s, Max Resolution: 1920x1080
Category: 📡辽宁频道, Name: 快乐垂钓, Total: 6, Valid: 3, Valid Percent: 50.00%, Whitelist: 0, IPv4: 6, IPv6: 0, Min Delay: 471 ms, Max Speed: 0.78 M/s, Avg Speed: 0.27 M/s, Max Resolution: 1920x1080
Category: 📡辽宁频道, Name: IPTV足球, Total: 2, Valid: 2, Valid Percent: 100.00%, Whitelist: 0, IPv4: 2, IPv6: 0, Min Delay: 499 ms, Max Speed: 0.01 M/s, Avg Speed: 0.01 M/s, Max Resolution: 1920x1080
Category: 📡辽宁频道, Name: 新动漫, Total: 4, Valid: 3, Valid Percent: 75.00%, Whitelist: 0, IPv4: 4, IPv6: 0, Min Delay: 497 ms, Max Speed: 0.31 M/s, Avg Speed: 0.11 M/s, Max Resolution: 720x576
Category: 📡辽宁频道, Name: 动漫秀场, Total: 7, Valid: 6, Valid Percent: 85.71%, Whitelist: 0, IPv4: 7, IPv6: 0, Min Delay: 469 ms, Max Speed: 0.95 M/s, Avg Speed: 0.40 M/s, Max Resolution: 1920x1080
Category: 📡辽宁频道, Name: 金鹰纪实, Total: 10, Valid: 7, Valid Percent: 70.00%, Whitelist: 0, IPv4: 10, IPv6: 0, Min Delay: 487 ms, Max Speed: 0.20 M/s, Avg Speed: 0.05 M/s, Max Resolution: 1920x1080
Category: 📡辽宁频道, Name: 金鹰卡通, Total: 21, Valid: 18, Valid Percent: 85.71%, Whitelist: 0, IPv4: 21, IPv6: 0, Min Delay: 459 ms, Max Speed: 0.36 M/s, Avg Speed: 0.11 M/s, Max Resolution: 1920x1080
Category: 📡辽宁频道, Name: 经典动画大集合, Total: 1, Valid: 0, Valid Percent: 0.00%, Whitelist: 0, IPv4: 1, IPv6: 0, Min Delay: -1 ms, Max Speed: 0.00 M/s, Avg Speed: 0.00 M/s, Max Resolution: None
Category: 📡辽宁频道, Name: 优漫卡通, Total: 7, Valid: 6, Valid Percent: 85.71%, Whitelist: 0, IPv4: 7, IPv6: 0, Min Delay: 459 ms, Max Speed: 0.26 M/s, Avg Speed: 0.13 M/s, Max Resolution: 1920x1080
Category: 📡辽宁频道, Name: 宝宝动画, Total: 2, Valid: 2, Valid Percent: 100.00%, Whitelist: 0, IPv4: 2, IPv6: 0, Min Delay: 518 ms, Max Speed: 0.14 M/s, Avg Speed: 0.13 M/s, Max Resolution: 0x0
Category: 📡辽宁频道, Name: 北京卡酷少儿, Total: 12, Valid: 11, Valid Percent: 91.67%, Whitelist: 0, IPv4: 12, IPv6: 0, Min Delay: 449 ms, Max Speed: 0.83 M/s, Avg Speed: 0.23 M/s, Max Resolution: 576x320
Category: 📡辽宁频道, Name: 嘉佳卡通, Total: 9, Valid: 7, Valid Percent: 77.78%, Whitelist: 0, IPv4: 9, IPv6: 0, Min Delay: 459 ms, Max Speed: 0.32 M/s, Avg Speed: 0.12 M/s, Max Resolution: 720x576
Category: ☘️央视频道, Name: CCTV-1, Total: 62, Valid: 40, Valid Percent: 64.52%, Whitelist: 0, IPv4: 62, IPv6: 0, Min Delay: 457 ms, Max Speed: 0.89 M/s, Avg Speed: 0.38 M/s, Max Resolution: 1920x1080
Category: ☘️央视频道, Name: CCTV-2, Total: 36, Valid: 28, Valid Percent: 77.78%, Whitelist: 0, IPv4: 36, IPv6: 0, Min Delay: 451 ms, Max Speed: 0.89 M/s, Avg Speed: 0.35 M/s, Max Resolution: 1920x1080
Category: ☘️央视频道, Name: CCTV-3, Total: 36, Valid: 30, Valid Percent: 83.33%, Whitelist: 0, IPv4: 36, IPv6: 0, Min Delay: 451 ms, Max Speed: 0.92 M/s, Avg Speed: 0.18 M/s, Max Resolution: 1920x1080
Category: ☘️央视频道, Name: CCTV-4, Total: 37, Valid: 28, Valid Percent: 75.68%, Whitelist: 0, IPv4: 37, IPv6: 0, Min Delay: 454 ms, Max Speed: 0.84 M/s, Avg Speed: 0.21 M/s, Max Resolution: 1920x1080
Category: ☘️央视频道, Name: CCTV-4美洲, Total: 8, Valid: 5, Valid Percent: 62.50%, Whitelist: 0, IPv4: 8, IPv6: 0, Min Delay: 482 ms, Max Speed: 0.22 M/s, Avg Speed: 0.14 M/s, Max Resolution: 0x0
Category: ☘️央视频道, Name: CCTV-4欧洲, Total: 8, Valid: 5, Valid Percent: 62.50%, Whitelist: 0, IPv4: 8, IPv6: 0, Min Delay: 470 ms, Max Speed: 0.74 M/s, Avg Speed: 0.19 M/s, Max Resolution: 1920x1080
Category: ☘️央视频道, Name: CCTV-5, Total: 45, Valid: 36, Valid Percent: 80.00%, Whitelist: 0, IPv4: 45, IPv6: 0, Min Delay: 456 ms, Max Speed: 0.91 M/s, Avg Speed: 0.29 M/s, Max Resolution: 1920x1080
Category: ☘️央视频道, Name: CCTV-5+, Total: 31, Valid: 23, Valid Percent: 74.19%, Whitelist: 0, IPv4: 31, IPv6: 0, Min Delay: 455 ms, Max Speed: 0.92 M/s, Avg Speed: 0.38 M/s, Max Resolution: 1920x1080
Category: ☘️央视频道, Name: CCTV-6, Total: 34, Valid: 25, Valid Percent: 73.53%, Whitelist: 0, IPv4: 34, IPv6: 0, Min Delay: 459 ms, Max Speed: 0.92 M/s, Avg Speed: 0.35 M/s, Max Resolution: 1920x1080
Category: ☘️央视频道, Name: CCTV-7, Total: 32, Valid: 26, Valid Percent: 81.25%, Whitelist: 0, IPv4: 32, IPv6: 0, Min Delay: 453 ms, Max Speed: 0.89 M/s, Avg Speed: 0.33 M/s, Max Resolution: 1920x1080
Category: ☘️央视频道, Name: CCTV-8, Total: 38, Valid: 31, Valid Percent: 81.58%, Whitelist: 0, IPv4: 38, IPv6: 0, Min Delay: 457 ms, Max Speed: 0.91 M/s, Avg Speed: 0.14 M/s, Max Resolution: 1920x1080
Category: ☘️央视频道, Name: CCTV-9, Total: 32, Valid: 27, Valid Percent: 84.38%, Whitelist: 0, IPv4: 32, IPv6: 0, Min Delay: 456 ms, Max Speed: 0.93 M/s, Avg Speed: 0.17 M/s, Max Resolution: 1920x1080
Category: ☘️央视频道, Name: CCTV-10, Total: 36, Valid: 27, Valid Percent: 75.00%, Whitelist: 0, IPv4: 36, IPv6: 0, Min Delay: 460 ms, Max Speed: 0.89 M/s, Avg Speed: 0.31 M/s, Max Resolution: 1920x1080
Category: ☘️央视频道, Name: CCTV-11, Total: 29, Valid: 24, Valid Percent: 82.76%, Whitelist: 0, IPv4: 29, IPv6: 0, Min Delay: 450 ms, Max Speed: 0.88 M/s, Avg Speed: 0.19 M/s, Max Resolution: 1920x1080
Category: ☘️央视频道, Name: CCTV-12, Total: 34, Valid: 25, Valid Percent: 73.53%, Whitelist: 0, IPv4: 34, IPv6: 0, Min Delay: 460 ms, Max Speed: 0.89 M/s, Avg Speed: 0.27 M/s, Max Resolution: 1920x1080
Category: ☘️央视频道, Name: CCTV-13, Total: 41, Valid: 34, Valid Percent: 82.93%, Whitelist: 0, IPv4: 41, IPv6: 0, Min Delay: 453 ms, Max Speed: 0.90 M/s, Avg Speed: 0.27 M/s, Max Resolution: 1920x1080
Category: ☘️央视频道, Name: CCTV-14, Total: 34, Valid: 28, Valid Percent: 82.35%, Whitelist: 0, IPv4: 34, IPv6: 0, Min Delay: 457 ms, Max Speed: 0.88 M/s, Avg Speed: 0.28 M/s, Max Resolution: 1920x1080
Category: ☘️央视频道, Name: CCTV-15, Total: 27, Valid: 22, Valid Percent: 81.48%, Whitelist: 0, IPv4: 27, IPv6: 0, Min Delay: 460 ms, Max Speed: 0.90 M/s, Avg Speed: 0.32 M/s, Max Resolution: 1920x1080
Category: ☘️央视频道, Name: CCTV-16, Total: 37, Valid: 29, Valid Percent: 78.38%, Whitelist: 0, IPv4: 37, IPv6: 0, Min Delay: 454 ms, Max Speed: 0.95 M/s, Avg Speed: 0.26 M/s, Max Resolution: 3840x2160
Category: ☘️央视频道, Name: CCTV-17, Total: 36, Valid: 30, Valid Percent: 83.33%, Whitelist: 0, IPv4: 36, IPv6: 0, Min Delay: 462 ms, Max Speed: 0.87 M/s, Avg Speed: 0.17 M/s, Max Resolution: 1920x1080
Category: ☘️央视频道, Name: CCTV-4K, Total: 17, Valid: 12, Valid Percent: 70.59%, Whitelist: 0, IPv4: 17, IPv6: 0, Min Delay: 455 ms, Max Speed: 0.68 M/s, Avg Speed: 0.15 M/s, Max Resolution: 3840x2160
Category: ☘️央视频道, Name: CETV-1, Total: 23, Valid: 16, Valid Percent: 69.57%, Whitelist: 0, IPv4: 23, IPv6: 0, Min Delay: 457 ms, Max Speed: 0.87 M/s, Avg Speed: 0.28 M/s, Max Resolution: 1920x1080
Category: ☘️央视频道, Name: CETV-2, Total: 8, Valid: 7, Valid Percent: 87.50%, Whitelist: 0, IPv4: 8, IPv6: 0, Min Delay: 454 ms, Max Speed: 0.30 M/s, Avg Speed: 0.19 M/s, Max Resolution: 720x576
Category: ☘️央视频道, Name: CETV-3, Total: 2, Valid: 2, Valid Percent: 100.00%, Whitelist: 0, IPv4: 2, IPv6: 0, Min Delay: 463 ms, Max Speed: 0.28 M/s, Avg Speed: 0.28 M/s, Max Resolution: 720x576
Category: ☘️央视频道, Name: CGTN, Total: 11, Valid: 4, Valid Percent: 36.36%, Whitelist: 0, IPv4: 11, IPv6: 0, Min Delay: 467 ms, Max Speed: 0.24 M/s, Avg Speed: 0.09 M/s, Max Resolution: 0x0
Category: ☘️央视频道, Name: CETV-4, Total: 23, Valid: 15, Valid Percent: 65.22%, Whitelist: 0, IPv4: 23, IPv6: 0, Min Delay: 456 ms, Max Speed: 0.91 M/s, Avg Speed: 0.18 M/s, Max Resolution: 1920x1080
Category: ☘️央视频道, Name: CGTN阿拉伯语, Total: 10, Valid: 6, Valid Percent: 60.00%, Whitelist: 0, IPv4: 10, IPv6: 0, Min Delay: 467 ms, Max Speed: 0.23 M/s, Avg Speed: 0.11 M/s, Max Resolution: 1920x1080
Category: ☘️央视频道, Name: CGTN西班牙语, Total: 10, Valid: 6, Valid Percent: 60.00%, Whitelist: 0, IPv4: 10, IPv6: 0, Min Delay: 458 ms, Max Speed: 0.77 M/s, Avg Speed: 0.17 M/s, Max Resolution: 1920x1080
Category: ☘️央视付费频道, Name: 风云音乐, Total: 11, Valid: 9, Valid Percent: 81.82%, Whitelist: 0, IPv4: 11, IPv6: 0, Min Delay: 458 ms, Max Speed: 0.77 M/s, Avg Speed: 0.38 M/s, Max Resolution: 1920x1080
Category: ☘️央视付费频道, Name: 风云剧场, Total: 11, Valid: 7, Valid Percent: 63.64%, Whitelist: 0, IPv4: 11, IPv6: 0, Min Delay: 459 ms, Max Speed: 0.76 M/s, Avg Speed: 0.33 M/s, Max Resolution: 1920x1080
Category: ☘️央视付费频道, Name: 风云足球, Total: 12, Valid: 9, Valid Percent: 75.00%, Whitelist: 0, IPv4: 12, IPv6: 0, Min Delay: 453 ms, Max Speed: 0.63 M/s, Avg Speed: 0.26 M/s, Max Resolution: 1920x1080
Category: ☘️央视付费频道, Name: 央视台球, Total: 11, Valid: 8, Valid Percent: 72.73%, Whitelist: 0, IPv4: 11, IPv6: 0, Min Delay: 457 ms, Max Speed: 0.91 M/s, Avg Speed: 0.41 M/s, Max Resolution: 1920x1080
Category: ☘️央视付费频道, Name: 第一剧场, Total: 11, Valid: 6, Valid Percent: 54.55%, Whitelist: 0, IPv4: 11, IPv6: 0, Min Delay: 449 ms, Max Speed: 0.86 M/s, Avg Speed: 0.26 M/s, Max Resolution: 0x0
Category: ☘️央视付费频道, Name: 怀旧剧场, Total: 11, Valid: 9, Valid Percent: 81.82%, Whitelist: 0, IPv4: 11, IPv6: 0, Min Delay: 461 ms, Max Speed: 0.78 M/s, Avg Speed: 0.14 M/s, Max Resolution: 1920x1080
Category: ☘️央视付费频道, Name: 女性时尚, Total: 11, Valid: 8, Valid Percent: 72.73%, Whitelist: 0, IPv4: 11, IPv6: 0, Min Delay: 457 ms, Max Speed: 0.21 M/s, Avg Speed: 0.06 M/s, Max Resolution: 1920x1080
Category: ☘️央视付费频道, Name: 发现之旅, Total: 1, Valid: 0, Valid Percent: 0.00%, Whitelist: 0, IPv4: 1, IPv6: 0, Min Delay: -1 ms, Max Speed: 0.00 M/s, Avg Speed: 0.00 M/s, Max Resolution: None
Category: ☘️央视付费频道, Name: 老故事, Total: 1, Valid: 0, Valid Percent: 0.00%, Whitelist: 0, IPv4: 1, IPv6: 0, Min Delay: -1 ms, Max Speed: 0.00 M/s, Avg Speed: 0.00 M/s, Max Resolution: None
Category: ☘️央视付费频道, Name: 高尔夫网球, Total: 9, Valid: 7, Valid Percent: 77.78%, Whitelist: 0, IPv4: 9, IPv6: 0, Min Delay: 457 ms, Max Speed: 0.04 M/s, Avg Speed: 0.01 M/s, Max Resolution: 1920x1080
Category: ☘️央视付费频道, Name: 中学生, Total: 1, Valid: 0, Valid Percent: 0.00%, Whitelist: 0, IPv4: 1, IPv6: 0, Min Delay: -1 ms, Max Speed: 0.00 M/s, Avg Speed: 0.00 M/s, Max Resolution: None
Category: ☘️央视付费频道, Name: 环球旅游, Total: 1, Valid: 0, Valid Percent: 0.00%, Whitelist: 0, IPv4: 1, IPv6: 0, Min Delay: -1 ms, Max Speed: 0.00 M/s, Avg Speed: 0.00 M/s, Max Resolution: None
Category: ☘️央视付费频道, Name: 世界地理, Total: 11, Valid: 8, Valid Percent: 72.73%, Whitelist: 0, IPv4: 11, IPv6: 0, Min Delay: 457 ms, Max Speed: 0.24 M/s, Avg Speed: 0.05 M/s, Max Resolution: 1920x1080
Category: ☘️央视付费频道, Name: 兵器科技, Total: 11, Valid: 8, Valid Percent: 72.73%, Whitelist: 0, IPv4: 11, IPv6: 0, Min Delay: 453 ms, Max Speed: 0.64 M/s, Avg Speed: 0.18 M/s, Max Resolution: 1920x1080
Category: ☘️央视付费频道, Name: 茶频道, Total: 8, Valid: 0, Valid Percent: 0.00%, Whitelist: 0, IPv4: 8, IPv6: 0, Min Delay: 496 ms, Max Speed: 0.00 M/s, Avg Speed: 0.00 M/s, Max Resolution: None
Category: ☘️央视付费频道, Name: 中国交通, Total: 8, Valid: 5, Valid Percent: 62.50%, Whitelist: 0, IPv4: 8, IPv6: 0, Min Delay: 480 ms, Max Speed: 0.24 M/s, Avg Speed: 0.11 M/s, Max Resolution: 1920x1080
Category: ☘️卫视频道, Name: 湖南卫视4K, Total: 47, Valid: 35, Valid Percent: 74.47%, Whitelist: 0, IPv4: 47, IPv6: 0, Min Delay: 453 ms, Max Speed: 1.12 M/s, Avg Speed: 0.34 M/s, Max Resolution: 3840x2160
Category: ☘️卫视频道, Name: 浙江卫视4K, Total: 11, Valid: 9, Valid Percent: 81.82%, Whitelist: 0, IPv4: 11, IPv6: 0, Min Delay: 458 ms, Max Speed: 0.30 M/s, Avg Speed: 0.14 M/s, Max Resolution: None
Category: ☘️卫视频道, Name: 江苏卫视4K, Total: 14, Valid: 13, Valid Percent: 92.86%, Whitelist: 0, IPv4: 14, IPv6: 0, Min Delay: 459 ms, Max Speed: 0.28 M/s, Avg Speed: 0.16 M/s, Max Resolution: 3840x2160
Category: ☘️卫视频道, Name: 四川卫视4K, Total: 40, Valid: 31, Valid Percent: 77.50%, Whitelist: 0, IPv4: 40, IPv6: 0, Min Delay: 460 ms, Max Speed: 1.01 M/s, Avg Speed: 0.29 M/s, Max Resolution: 3840x2160
Category: ☘️卫视频道, Name: 深圳卫视4K, Total: 13, Valid: 11, Valid Percent: 84.62%, Whitelist: 0, IPv4: 13, IPv6: 0, Min Delay: 469 ms, Max Speed: 0.92 M/s, Avg Speed: 0.37 M/s, Max Resolution: 3840x2160
Category: ☘️卫视频道, Name: 爱上4K, Total: 2, Valid: 2, Valid Percent: 100.00%, Whitelist: 0, IPv4: 2, IPv6: 0, Min Delay: 519 ms, Max Speed: 0.24 M/s, Avg Speed: 0.22 M/s, Max Resolution: None
Category: ☘️卫视频道, Name: 4K乐享超清, Total: 2, Valid: 2, Valid Percent: 100.00%, Whitelist: 0, IPv4: 2, IPv6: 0, Min Delay: 524 ms, Max Speed: 0.36 M/s, Avg Speed: 0.29 M/s, Max Resolution: 0x0
Category: ☘️卫视频道, Name: 4K少儿, Total: 2, Valid: 2, Valid Percent: 100.00%, Whitelist: 0, IPv4: 2, IPv6: 0, Min Delay: 510 ms, Max Speed: 0.24 M/s, Avg Speed: 0.24 M/s, Max Resolution: 3840x2160
Category: ☘️卫视频道, Name: 4K纪实, Total: 2, Valid: 2, Valid Percent: 100.00%, Whitelist: 0, IPv4: 2, IPv6: 0, Min Delay: 518 ms, Max Speed: 0.24 M/s, Avg Speed: 0.23 M/s, Max Resolution: 0x0
Category: ☘️卫视频道, Name: 广东卫视4K, Total: 15, Valid: 11, Valid Percent: 73.33%, Whitelist: 0, IPv4: 15, IPv6: 0, Min Delay: 450 ms, Max Speed: 0.96 M/s, Avg Speed: 0.36 M/s, Max Resolution: 3840x2160
Category: ☘️卫视频道, Name: 4K视界, Total: 2, Valid: 2, Valid Percent: 100.00%, Whitelist: 0, IPv4: 2, IPv6: 0, Min Delay: 522 ms, Max Speed: 0.23 M/s, Avg Speed: 0.22 M/s, Max Resolution: 3840x2160
Category: ☘️卫视频道, Name: 亲子趣学4k, Total: 2, Valid: 2, Valid Percent: 100.00%, Whitelist: 0, IPv4: 2, IPv6: 0, Min Delay: 531 ms, Max Speed: 0.27 M/s, Avg Speed: 0.24 M/s, Max Resolution: 0x0
Category: ☘️卫视频道, Name: 南国都市4K, Total: 2, Valid: 1, Valid Percent: 50.00%, Whitelist: 0, IPv4: 2, IPv6: 0, Min Delay: 453 ms, Max Speed: 0.12 M/s, Avg Speed: 0.12 M/s, Max Resolution: None
Category: ☘️卫视频道, Name: 绚影4K, Total: 2, Valid: 2, Valid Percent: 100.00%, Whitelist: 0, IPv4: 2, IPv6: 0, Min Delay: 524 ms, Max Speed: 0.23 M/s, Avg Speed: 0.22 M/s, Max Resolution: 0x0
Category: ☘️卫视频道, Name: 天翼高清4K, Total: 6, Valid: 4, Valid Percent: 66.67%, Whitelist: 0, IPv4: 6, IPv6: 0, Min Delay: 461 ms, Max Speed: 0.44 M/s, Avg Speed: 0.23 M/s, Max Resolution: 528x576
Category: ☘️卫视频道, Name: 吉林卫视, Total: 21, Valid: 15, Valid Percent: 71.43%, Whitelist: 0, IPv4: 21, IPv6: 0, Min Delay: 452 ms, Max Speed: 0.88 M/s, Avg Speed: 0.22 M/s, Max Resolution: 1920x1080
Category: ☘️卫视频道, Name: 黑龙江卫视, Total: 23, Valid: 18, Valid Percent: 78.26%, Whitelist: 0, IPv4: 23, IPv6: 0, Min Delay: 455 ms, Max Speed: 0.87 M/s, Avg Speed: 0.25 M/s, Max Resolution: 1920x1080
Category: ☘️卫视频道, Name: 北京卫视, Total: 47, Valid: 37, Valid Percent: 78.72%, Whitelist: 0, IPv4: 47, IPv6: 0, Min Delay: 457 ms, Max Speed: 0.96 M/s, Avg Speed: 0.47 M/s, Max Resolution: 3840x2160
Category: ☘️卫视频道, Name: 江苏卫视, Total: 26, Valid: 20, Valid Percent: 76.92%, Whitelist: 0, IPv4: 26, IPv6: 0, Min Delay: 456 ms, Max Speed: 0.93 M/s, Avg Speed: 0.23 M/s, Max Resolution: 1920x1080
Category: ☘️卫视频道, Name: 湖北卫视, Total: 24, Valid: 19, Valid Percent: 79.17%, Whitelist: 0, IPv4: 24, IPv6: 0, Min Delay: 450 ms, Max Speed: 0.94 M/s, Avg Speed: 0.21 M/s, Max Resolution: 1920x1080
Category: ☘️卫视频道, Name: 安多卫视, Total: 2, Valid: 2, Valid Percent: 100.00%, Whitelist: 0, IPv4: 2, IPv6: 0, Min Delay: 522 ms, Max Speed: 0.02 M/s, Avg Speed: 0.02 M/s, Max Resolution: 0x0
Category: ☘️卫视频道, Name: 浙江卫视, Total: 23, Valid: 17, Valid Percent: 73.91%, Whitelist: 0, IPv4: 23, IPv6: 0, Min Delay: 457 ms, Max Speed: 0.91 M/s, Avg Speed: 0.31 M/s, Max Resolution: 1920x1080
Category: ☘️卫视频道, Name: 安徽卫视, Total: 23, Valid: 17, Valid Percent: 73.91%, Whitelist: 0, IPv4: 23, IPv6: 0, Min Delay: 455 ms, Max Speed: 0.89 M/s, Avg Speed: 0.25 M/s, Max Resolution: 1920x1080
Category: ☘️卫视频道, Name: 兵团卫视, Total: 9, Valid: 4, Valid Percent: 44.44%, Whitelist: 0, IPv4: 9, IPv6: 0, Min Delay: 457 ms, Max Speed: 0.81 M/s, Avg Speed: 0.36 M/s, Max Resolution: 0x0
Category: ☘️卫视频道, Name: 东方卫视, Total: 24, Valid: 17, Valid Percent: 70.83%, Whitelist: 0, IPv4: 24, IPv6: 0, Min Delay: 460 ms, Max Speed: 0.83 M/s, Avg Speed: 0.12 M/s, Max Resolution: 1920x1080
Category: ☘️卫视频道, Name: 东南卫视, Total: 21, Valid: 16, Valid Percent: 76.19%, Whitelist: 0, IPv4: 21, IPv6: 0, Min Delay: 454 ms, Max Speed: 0.79 M/s, Avg Speed: 0.14 M/s, Max Resolution: 1920x1080
Category: ☘️卫视频道, Name: 甘肃卫视, Total: 20, Valid: 14, Valid Percent: 70.00%, Whitelist: 0, IPv4: 20, IPv6: 0, Min Delay: 458 ms, Max Speed: 0.90 M/s, Avg Speed: 0.27 M/s, Max Resolution: 1920x1080
Category: ☘️卫视频道, Name: 广东卫视, Total: 28, Valid: 21, Valid Percent: 75.00%, Whitelist: 0, IPv4: 28, IPv6: 0, Min Delay: 451 ms, Max Speed: 0.93 M/s, Avg Speed: 0.28 M/s, Max Resolution: 1920x1080
Category: ☘️卫视频道, Name: 广西卫视, Total: 20, Valid: 17, Valid Percent: 85.00%, Whitelist: 0, IPv4: 20, IPv6: 0, Min Delay: 457 ms, Max Speed: 0.27 M/s, Avg Speed: 0.08 M/s, Max Resolution: 1920x1080
Category: ☘️卫视频道, Name: 贵州卫视, Total: 23, Valid: 19, Valid Percent: 82.61%, Whitelist: 0, IPv4: 23, IPv6: 0, Min Delay: 453 ms, Max Speed: 0.82 M/s, Avg Speed: 0.18 M/s, Max Resolution: 1920x1080
Category: ☘️卫视频道, Name: 海峡卫视, Total: 1, Valid: 0, Valid Percent: 0.00%, Whitelist: 0, IPv4: 1, IPv6: 0, Min Delay: -1 ms, Max Speed: 0.00 M/s, Avg Speed: 0.00 M/s, Max Resolution: None
Category: ☘️卫视频道, Name: 海南卫视, Total: 17, Valid: 13, Valid Percent: 76.47%, Whitelist: 0, IPv4: 17, IPv6: 0, Min Delay: 463 ms, Max Speed: 0.89 M/s, Avg Speed: 0.25 M/s, Max Resolution: 1920x1080
Category: ☘️卫视频道, Name: 河北卫视, Total: 23, Valid: 18, Valid Percent: 78.26%, Whitelist: 0, IPv4: 23, IPv6: 0, Min Delay: 459 ms, Max Speed: 0.92 M/s, Avg Speed: 0.35 M/s, Max Resolution: 1920x1080
Category: ☘️卫视频道, Name: 河南卫视, Total: 24, Valid: 17, Valid Percent: 70.83%, Whitelist: 0, IPv4: 24, IPv6: 0, Min Delay: 457 ms, Max Speed: 0.88 M/s, Avg Speed: 0.18 M/s, Max Resolution: 1920x1080
Category: ☘️卫视频道, Name: 江西卫视, Total: 24, Valid: 19, Valid Percent: 79.17%, Whitelist: 0, IPv4: 24, IPv6: 0, Min Delay: 449 ms, Max Speed: 0.87 M/s, Avg Speed: 0.26 M/s, Max Resolution: 1920x1080
Category: ☘️卫视频道, Name: 康巴卫视, Total: 2, Valid: 2, Valid Percent: 100.00%, Whitelist: 0, IPv4: 2, IPv6: 0, Min Delay: 521 ms, Max Speed: 0.06 M/s, Avg Speed: 0.06 M/s, Max Resolution: 576x320
Category: ☘️卫视频道, Name: 旅游卫视, Total: 2, Valid: 2, Valid Percent: 100.00%, Whitelist: 0, IPv4: 2, IPv6: 0, Min Delay: 516 ms, Max Speed: 0.06 M/s, Avg Speed: 0.06 M/s, Max Resolution: 576x320
Category: ☘️卫视频道, Name: 内蒙古卫视, Total: 10, Valid: 8, Valid Percent: 80.00%, Whitelist: 0, IPv4: 10, IPv6: 0, Min Delay: 465 ms, Max Speed: 0.86 M/s, Avg Speed: 0.19 M/s, Max Resolution: 1920x1080
Category: ☘️卫视频道, Name: 宁夏卫视, Total: 10, Valid: 5, Valid Percent: 50.00%, Whitelist: 0, IPv4: 10, IPv6: 0, Min Delay: 457 ms, Max Speed: 0.93 M/s, Avg Speed: 0.39 M/s, Max Resolution: 3840x2160
Category: ☘️卫视频道, Name: 青海卫视, Total: 18, Valid: 13, Valid Percent: 72.22%, Whitelist: 0, IPv4: 18, IPv6: 0, Min Delay: 457 ms, Max Speed: 0.83 M/s, Avg Speed: 0.15 M/s, Max Resolution: 1920x1080
Category: ☘️卫视频道, Name: 三沙卫视, Total: 16, Valid: 12, Valid Percent: 75.00%, Whitelist: 0, IPv4: 16, IPv6: 0, Min Delay: 467 ms, Max Speed: 0.88 M/s, Avg Speed: 0.13 M/s, Max Resolution: 1920x1080
Category: ☘️卫视频道, Name: 厦门卫视, Total: 6, Valid: 6, Valid Percent: 100.00%, Whitelist: 0, IPv4: 6, IPv6: 0, Min Delay: 496 ms, Max Speed: 0.14 M/s, Avg Speed: 0.08 M/s, Max Resolution: 720x576
Category: ☘️卫视频道, Name: 山东教育卫视, Total: 9, Valid: 5, Valid Percent: 55.56%, Whitelist: 0, IPv4: 9, IPv6: 0, Min Delay: 488 ms, Max Speed: 0.07 M/s, Avg Speed: 0.04 M/s, Max Resolution: 720x576
Category: ☘️卫视频道, Name: 山东卫视, Total: 21, Valid: 17, Valid Percent: 80.95%, Whitelist: 0, IPv4: 21, IPv6: 0, Min Delay: 460 ms, Max Speed: 0.87 M/s, Avg Speed: 0.27 M/s, Max Resolution: 1920x1080
Category: ☘️卫视频道, Name: 山西卫视, Total: 13, Valid: 11, Valid Percent: 84.62%, Whitelist: 0, IPv4: 13, IPv6: 0, Min Delay: 466 ms, Max Speed: 0.77 M/s, Avg Speed: 0.18 M/s, Max Resolution: 1920x1080
Category: ☘️卫视频道, Name: 陕西卫视, Total: 14, Valid: 12, Valid Percent: 85.71%, Whitelist: 0, IPv4: 14, IPv6: 0, Min Delay: 466 ms, Max Speed: 0.89 M/s, Avg Speed: 0.18 M/s, Max Resolution: 1920x1080
Category: ☘️卫视频道, Name: 深圳卫视, Total: 25, Valid: 20, Valid Percent: 80.00%, Whitelist: 0, IPv4: 25, IPv6: 0, Min Delay: 455 ms, Max Speed: 0.73 M/s, Avg Speed: 0.14 M/s, Max Resolution: 1920x1080
Category: ☘️卫视频道, Name: 延边卫视, Total: 2, Valid: 2, Valid Percent: 100.00%, Whitelist: 0, IPv4: 2, IPv6: 0, Min Delay: 506 ms, Max Speed: 0.05 M/s, Avg Speed: 0.04 M/s, Max Resolution: 0x0
Category: ☘️卫视频道, Name: 天津卫视, Total: 28, Valid: 20, Valid Percent: 71.43%, Whitelist: 0, IPv4: 28, IPv6: 0, Min Delay: 453 ms, Max Speed: 0.93 M/s, Avg Speed: 0.42 M/s, Max Resolution: 1920x1080
Category: ☘️卫视频道, Name: 云南卫视, Total: 18, Valid: 15, Valid Percent: 83.33%, Whitelist: 0, IPv4: 18, IPv6: 0, Min Delay: 451 ms, Max Speed: 0.79 M/s, Avg Speed: 0.25 M/s, Max Resolution: 1920x1080
Category: ☘️卫视频道, Name: 大湾区卫视, Total: 1, Valid: 0, Valid Percent: 0.00%, Whitelist: 0, IPv4: 1, IPv6: 0, Min Delay: -1 ms, Max Speed: 0.00 M/s, Avg Speed: 0.00 M/s, Max Resolution: None
Category: ☘️卫视频道, Name: 重庆卫视, Total: 24, Valid: 19, Valid Percent: 79.17%, Whitelist: 0, IPv4: 24, IPv6: 0, Min Delay: 453 ms, Max Speed: 0.77 M/s, Avg Speed: 0.17 M/s, Max Resolution: 1920x1080
Category: ☘️卫视频道, Name: 西藏卫视, Total: 9, Valid: 5, Valid Percent: 55.56%, Whitelist: 0, IPv4: 9, IPv6: 0, Min Delay: 468 ms, Max Speed: 0.85 M/s, Avg Speed: 0.45 M/s, Max Resolution: 1920x1080
Category: ☘️卫视频道, Name: 新疆卫视, Total: 10, Valid: 6, Valid Percent: 60.00%, Whitelist: 0, IPv4: 10, IPv6: 0, Min Delay: 468 ms, Max Speed: 0.86 M/s, Avg Speed: 0.44 M/s, Max Resolution: 1920x1080
Category: ☘️港澳频道, Name: TVBS新闻, Total: 1, Valid: 1, Valid Percent: 100.00%, Whitelist: 0, IPv4: 1, IPv6: 0, Min Delay: 7006 ms, Max Speed: 0.30 M/s, Avg Speed: 0.30 M/s, Max Resolution: 1280x720
Category: ☘️港澳频道, Name: 中天娱乐, Total: 1, Valid: 1, Valid Percent: 100.00%, Whitelist: 0, IPv4: 1, IPv6: 0, Min Delay: 6588 ms, Max Speed: 0.30 M/s, Avg Speed: 0.30 M/s, Max Resolution: 1280x720
Category: ☘️港澳频道, Name: 凤凰中文, Total: 10, Valid: 6, Valid Percent: 60.00%, Whitelist: 0, IPv4: 10, IPv6: 0, Min Delay: 485 ms, Max Speed: 0.24 M/s, Avg Speed: 0.12 M/s, Max Resolution: 1920x1080
Category: ☘️港澳频道, Name: 翡翠台, Total: 1, Valid: 1, Valid Percent: 100.00%, Whitelist: 0, IPv4: 1, IPv6: 0, Min Delay: 377 ms, Max Speed: 1.16 M/s, Avg Speed: 1.16 M/s, Max Resolution: 1920x1080
Category: ☘️港澳频道, Name: 凤凰资讯, Total: 6, Valid: 2, Valid Percent: 33.33%, Whitelist: 0, IPv4: 6, IPv6: 0, Min Delay: 472 ms, Max Speed: 0.00 M/s, Avg Speed: 0.00 M/s, Max Resolution: None
Category: 🎬影视频道, Name: CHC家庭影院, Total: 11, Valid: 7, Valid Percent: 63.64%, Whitelist: 0, IPv4: 11, IPv6: 0, Min Delay: 493 ms, Max Speed: 0.76 M/s, Avg Speed: 0.18 M/s, Max Resolution: 1920x1080
Category: 🎬影视频道, Name: CHC动作电影, Total: 11, Valid: 7, Valid Percent: 63.64%, Whitelist: 0, IPv4: 11, IPv6: 0, Min Delay: 500 ms, Max Speed: 0.70 M/s, Avg Speed: 0.15 M/s, Max Resolution: 0x0
Category: 🎬影视频道, Name: NewTV黑莓动画, Total: 1, Valid: 1, Valid Percent: 100.00%, Whitelist: 0, IPv4: 1, IPv6: 0, Min Delay: 10759 ms, Max Speed: 0.27 M/s, Avg Speed: 0.27 M/s, Max Resolution: 1920x1080
Category: 🎬影视频道, Name: CHC影迷电影, Total: 8, Valid: 5, Valid Percent: 62.50%, Whitelist: 0, IPv4: 8, IPv6: 0, Min Delay: 500 ms, Max Speed: 0.20 M/s, Avg Speed: 0.10 M/s, Max Resolution: 1920x1080
Category: 🎬影视频道, Name: NewTV中国功夫, Total: 2, Valid: 0, Valid Percent: 0.00%, Whitelist: 0, IPv4: 2, IPv6: 0, Min Delay: 454 ms, Max Speed: 0.00 M/s, Avg Speed: 0.00 M/s, Max Resolution: None
Category: 🎬影视频道, Name: NewTV军事评论, Total: 2, Valid: 0, Valid Percent: 0.00%, Whitelist: 0, IPv4: 2, IPv6: 0, Min Delay: 453 ms, Max Speed: 0.00 M/s, Avg Speed: 0.00 M/s, Max Resolution: None
Category: 🎬影视频道, Name: NewTV军旅剧场, Total: 2, Valid: 0, Valid Percent: 0.00%, Whitelist: 0, IPv4: 2, IPv6: 0, Min Delay: 473 ms, Max Speed: 0.00 M/s, Avg Speed: 0.00 M/s, Max Resolution: None
Category: 🎬影视频道, Name: NewTV古装剧场, Total: 4, Valid: 2, Valid Percent: 50.00%, Whitelist: 0, IPv4: 4, IPv6: 0, Min Delay: 460 ms, Max Speed: 0.01 M/s, Avg Speed: 0.01 M/s, Max Resolution: 1920x1080
Category: 🎬影视频道, Name: NewTV惊悚悬疑, Total: 2, Valid: 0, Valid Percent: 0.00%, Whitelist: 0, IPv4: 2, IPv6: 0, Min Delay: 455 ms, Max Speed: 0.00 M/s, Avg Speed: 0.00 M/s, Max Resolution: None
Category: 🎬影视频道, Name: NewTV爱情喜剧, Total: 2, Valid: 0, Valid Percent: 0.00%, Whitelist: 0, IPv4: 2, IPv6: 0, Min Delay: 478 ms, Max Speed: 0.00 M/s, Avg Speed: 0.00 M/s, Max Resolution: None
Category: 🎬影视频道, Name: NewTV精品大剧, Total: 2, Valid: 0, Valid Percent: 0.00%, Whitelist: 0, IPv4: 2, IPv6: 0, Min Delay: 469 ms, Max Speed: 0.00 M/s, Avg Speed: 0.00 M/s, Max Resolution: None
Category: 🎬影视频道, Name: NewTV金牌综艺, Total: 2, Valid: 0, Valid Percent: 0.00%, Whitelist: 0, IPv4: 2, IPv6: 0, Min Delay: 460 ms, Max Speed: 0.00 M/s, Avg Speed: 0.00 M/s, Max Resolution: None
Category: 🎬影视频道, Name: IPTV墨宝, Total: 2, Valid: 2, Valid Percent: 100.00%, Whitelist: 0, IPv4: 2, IPv6: 0, Min Delay: 490 ms, Max Speed: 0.28 M/s, Avg Speed: 0.14 M/s, Max Resolution: 1920x1080
Category: 🎬影视频道, Name: IPTV国学, Total: 2, Valid: 2, Valid Percent: 100.00%, Whitelist: 0, IPv4: 2, IPv6: 0, Min Delay: 491 ms, Max Speed: 0.28 M/s, Avg Speed: 0.14 M/s, Max Resolution: 1920x1080
Category: 🎬影视频道, Name: IPTV武术, Total: 2, Valid: 2, Valid Percent: 100.00%, Whitelist: 0, IPv4: 2, IPv6: 0, Min Delay: 490 ms, Max Speed: 0.15 M/s, Avg Speed: 0.08 M/s, Max Resolution: None
Category: 🎬影视频道, Name: IPTV地理, Total: 2, Valid: 2, Valid Percent: 100.00%, Whitelist: 0, IPv4: 2, IPv6: 0, Min Delay: 492 ms, Max Speed: 0.28 M/s, Avg Speed: 0.14 M/s, Max Resolution: 1920x1080
Category: 🎬影视频道, Name: IPTV好学生, Total: 2, Valid: 2, Valid Percent: 100.00%, Whitelist: 0, IPv4: 2, IPv6: 0, Min Delay: 487 ms, Max Speed: 0.28 M/s, Avg Speed: 0.14 M/s, Max Resolution: None
Category: 🎬影视频道, Name: IPTV美妆, Total: 2, Valid: 2, Valid Percent: 100.00%, Whitelist: 0, IPv4: 2, IPv6: 0, Min Delay: 489 ms, Max Speed: 0.02 M/s, Avg Speed: 0.01 M/s, Max Resolution: None
Category: 🎬影视频道, Name: IPTV美人, Total: 2, Valid: 2, Valid Percent: 100.00%, Whitelist: 0, IPv4: 2, IPv6: 0, Min Delay: 485 ms, Max Speed: 0.03 M/s, Avg Speed: 0.02 M/s, Max Resolution: None
Category: 🎬影视频道, Name: IPTV鉴赏, Total: 2, Valid: 2, Valid Percent: 100.00%, Whitelist: 0, IPv4: 2, IPv6: 0, Min Delay: 486 ms, Max Speed: 0.02 M/s, Avg Speed: 0.02 M/s, Max Resolution: None
Category: 🎬影视频道, Name: IPTV爱生活, Total: 2, Valid: 1, Valid Percent: 50.00%, Whitelist: 0, IPv4: 2, IPv6: 0, Min Delay: 479 ms, Max Speed: 0.02 M/s, Avg Speed: 0.02 M/s, Max Resolution: 0x0
Category: 🎬影视频道, Name: 抗战经典影片, Total: 1, Valid: 0, Valid Percent: 0.00%, Whitelist: 0, IPv4: 1, IPv6: 0, Min Delay: -1 ms, Max Speed: 0.00 M/s, Avg Speed: 0.00 M/s, Max Resolution: None
Category: 🎬影视频道, Name: 新片放映厅, Total: 1, Valid: 0, Valid Percent: 0.00%, Whitelist: 0, IPv4: 1, IPv6: 0, Min Delay: -1 ms, Max Speed: 0.00 M/s, Avg Speed: 0.00 M/s, Max Resolution: None
Category: 🎬影视频道, Name: 经典香港电影, Total: 1, Valid: 0, Valid Percent: 0.00%, Whitelist: 0, IPv4: 1, IPv6: 0, Min Delay: -1 ms, Max Speed: 0.00 M/s, Avg Speed: 0.00 M/s, Max Resolution: None
Category: 🎬影视频道, Name: 南方影视, Total: 1, Valid: 0, Valid Percent: 0.00%, Whitelist: 0, IPv4: 1, IPv6: 0, Min Delay: -1 ms, Max Speed: 0.00 M/s, Avg Speed: 0.00 M/s, Max Resolution: None
Category: 🎬影视频道, Name: 和美乡途轮播台, Total: 1, Valid: 0, Valid Percent: 0.00%, Whitelist: 0, IPv4: 1, IPv6: 0, Min Delay: -1 ms, Max Speed: 0.00 M/s, Avg Speed: 0.00 M/s, Max Resolution: None
Category: 🎬影视频道, Name: IPTV收视指南, Total: 2, Valid: 2, Valid Percent: 100.00%, Whitelist: 0, IPv4: 2, IPv6: 0, Min Delay: 482 ms, Max Speed: 0.04 M/s, Avg Speed: 0.03 M/s, Max Resolution: None
Category: 🎬影视频道, Name: 光影, Total: 2, Valid: 2, Valid Percent: 100.00%, Whitelist: 0, IPv4: 2, IPv6: 0, Min Delay: 486 ms, Max Speed: 0.02 M/s, Avg Speed: 0.01 M/s, Max Resolution: None
Category: 🎬影视频道, Name: 华数星影, Total: 2, Valid: 2, Valid Percent: 100.00%, Whitelist: 0, IPv4: 2, IPv6: 0, Min Delay: 476 ms, Max Speed: 0.02 M/s, Avg Speed: 0.02 M/s, Max Resolution: None
Category: 🎬影视频道, Name: 华数动作影院, Total: 2, Valid: 2, Valid Percent: 100.00%, Whitelist: 0, IPv4: 2, IPv6: 0, Min Delay: 484 ms, Max Speed: 0.03 M/s, Avg Speed: 0.02 M/s, Max Resolution: None
Category: 🎬影视频道, Name: 华数喜剧影院, Total: 2, Valid: 1, Valid Percent: 50.00%, Whitelist: 0, IPv4: 2, IPv6: 0, Min Delay: 477 ms, Max Speed: 0.02 M/s, Avg Speed: 0.02 M/s, Max Resolution: None
Category: 🎬影视频道, Name: 华数热播剧场, Total: 2, Valid: 2, Valid Percent: 100.00%, Whitelist: 0, IPv4: 2, IPv6: 0, Min Delay: 486 ms, Max Speed: 0.03 M/s, Avg Speed: 0.03 M/s, Max Resolution: None
Category: 🎬影视频道, Name: 华数军旅剧场, Total: 2, Valid: 2, Valid Percent: 100.00%, Whitelist: 0, IPv4: 2, IPv6: 0, Min Delay: 481 ms, Max Speed: 0.02 M/s, Avg Speed: 0.01 M/s, Max Resolution: None
Category: 🎬影视频道, Name: 华数城市剧场, Total: 2, Valid: 2, Valid Percent: 100.00%, Whitelist: 0, IPv4: 2, IPv6: 0, Min Delay: 477 ms, Max Speed: 0.02 M/s, Avg Speed: 0.01 M/s, Max Resolution: 1920x1080
Category: 🎬影视频道, Name: 华数武侠剧场, Total: 2, Valid: 2, Valid Percent: 100.00%, Whitelist: 0, IPv4: 2, IPv6: 0, Min Delay: 480 ms, Max Speed: 0.01 M/s, Avg Speed: 0.00 M/s, Max Resolution: None
Category: 🎬影视频道, Name: 华数魅力时尚, Total: 2, Valid: 2, Valid Percent: 100.00%, Whitelist: 0, IPv4: 2, IPv6: 0, Min Delay: 475 ms, Max Speed: 0.01 M/s, Avg Speed: 0.00 M/s, Max Resolution: None
Category: 🎬影视频道, Name: 华数少儿动画, Total: 2, Valid: 2, Valid Percent: 100.00%, Whitelist: 0, IPv4: 2, IPv6: 0, Min Delay: 478 ms, Max Speed: 0.02 M/s, Avg Speed: 0.02 M/s, Max Resolution: None
Category: 🎬影视频道, Name: 华数家庭影院, Total: 2, Valid: 2, Valid Percent: 100.00%, Whitelist: 0, IPv4: 2, IPv6: 0, Min Delay: 483 ms, Max Speed: 0.02 M/s, Avg Speed: 0.02 M/s, Max Resolution: None
Category: 🎬影视频道, Name: 华数动画, Total: 2, Valid: 2, Valid Percent: 100.00%, Whitelist: 0, IPv4: 2, IPv6: 0, Min Delay: 492 ms, Max Speed: 0.01 M/s, Avg Speed: 0.01 M/s, Max Resolution: 1920x1080
Category: 🎬影视频道, Name: 华数经典电影, Total: 2, Valid: 2, Valid Percent: 100.00%, Whitelist: 0, IPv4: 2, IPv6: 0, Min Delay: 480 ms, Max Speed: 0.03 M/s, Avg Speed: 0.02 M/s, Max Resolution: None
Category: 🎬影视频道, Name: IPTV6, Total: 1, Valid: 1, Valid Percent: 100.00%, Whitelist: 0, IPv4: 1, IPv6: 0, Min Delay: 1515 ms, Max Speed: 0.25 M/s, Avg Speed: 0.25 M/s, Max Resolution: 1920x1080
Category: 🏀体育频道, Name: 睛彩竞技, Total: 3, Valid: 3, Valid Percent: 100.00%, Whitelist: 0, IPv4: 3, IPv6: 0, Min Delay: 478 ms, Max Speed: 0.37 M/s, Avg Speed: 0.13 M/s, Max Resolution: 1920x1080
Category: 🏀体育频道, Name: 赛事最经典, Total: 2, Valid: 0, Valid Percent: 0.00%, Whitelist: 0, IPv4: 2, IPv6: 0, Min Delay: -1 ms, Max Speed: 0.00 M/s, Avg Speed: 0.00 M/s, Max Resolution: None
Category: 🏀体育频道, Name: 体坛名栏汇, Total: 2, Valid: 0, Valid Percent: 0.00%, Whitelist: 0, IPv4: 2, IPv6: 0, Min Delay: -1 ms, Max Speed: 0.00 M/s, Avg Speed: 0.00 M/s, Max Resolution: None
Category: 🎬影视频道, Name: 热播剧场, Total: 2, Valid: 0, Valid Percent: 0.00%, Whitelist: 0, IPv4: 2, IPv6: 0, Min Delay: 456 ms, Max Speed: 0.00 M/s, Avg Speed: 0.00 M/s, Max Resolution: None
Category: 🏀体育频道, Name: 睛彩广场舞, Total: 2, Valid: 1, Valid Percent: 50.00%, Whitelist: 0, IPv4: 2, IPv6: 0, Min Delay: 490 ms, Max Speed: 0.04 M/s, Avg Speed: 0.04 M/s, Max Resolution: None
Category: 🏀体育频道, Name: 睛彩篮球, Total: 4, Valid: 3, Valid Percent: 75.00%, Whitelist: 0, IPv4: 4, IPv6: 0, Min Delay: 467 ms, Max Speed: 0.02 M/s, Avg Speed: 0.01 M/s, Max Resolution: None
Category: 🏀体育频道, Name: 睛彩青少, Total: 2, Valid: 1, Valid Percent: 50.00%, Whitelist: 0, IPv4: 2, IPv6: 0, Min Delay: 465 ms, Max Speed: 0.23 M/s, Avg Speed: 0.23 M/s, Max Resolution: None
Category: 🌽其他城市频道, Name: 新动力量创一流, Total: 1, Valid: 0, Valid Percent: 0.00%, Whitelist: 0, IPv4: 1, IPv6: 0, Min Delay: -1 ms, Max Speed: 0.00 M/s, Avg Speed: 0.00 M/s, Max Resolution: None
Category: 🎬影视频道, Name: 经典剧场, Total: 2, Valid: 0, Valid Percent: 0.00%, Whitelist: 0, IPv4: 2, IPv6: 0, Min Delay: 464 ms, Max Speed: 0.00 M/s, Avg Speed: 0.00 M/s, Max Resolution: None
Category: 🏀体育频道, Name: 电竞天堂, Total: 2, Valid: 2, Valid Percent: 100.00%, Whitelist: 0, IPv4: 2, IPv6: 0, Min Delay: 513 ms, Max Speed: 0.45 M/s, Avg Speed: 0.45 M/s, Max Resolution: 1920x1080
Category: 🏀体育频道, Name: 天元围棋, Total: 2, Valid: 1, Valid Percent: 50.00%, Whitelist: 0, IPv4: 2, IPv6: 0, Min Delay: 520 ms, Max Speed: 0.05 M/s, Avg Speed: 0.05 M/s, Max Resolution: 1920x1080
Category: 🏀体育频道, Name: 魅力足球, Total: 5, Valid: 2, Valid Percent: 40.00%, Whitelist: 0, IPv4: 5, IPv6: 0, Min Delay: 494 ms, Max Speed: 0.46 M/s, Avg Speed: 0.44 M/s, Max Resolution: 1920x1080
Category: 🌽其他城市频道, Name: 上海新闻综合, Total: 1, Valid: 0, Valid Percent: 0.00%, Whitelist: 0, IPv4: 1, IPv6: 0, Min Delay: -1 ms, Max Speed: 0.00 M/s, Avg Speed: 0.00 M/s, Max Resolution: None
Category: 🌽其他城市频道, Name: 南京教科频道, Total: 1, Valid: 0, Valid Percent: 0.00%, Whitelist: 0, IPv4: 1, IPv6: 0, Min Delay: -1 ms, Max Speed: 0.00 M/s, Avg Speed: 0.00 M/s, Max Resolution: None
Category: 🌽其他城市频道, Name: 南京十八频道, Total: 1, Valid: 0, Valid Percent: 0.00%, Whitelist: 0, IPv4: 1, IPv6: 0, Min Delay: -1 ms, Max Speed: 0.00 M/s, Avg Speed: 0.00 M/s, Max Resolution: None
Category: 🌽其他城市频道, Name: 盐城新闻综合, Total: 1, Valid: 0, Valid Percent: 0.00%, Whitelist: 0, IPv4: 1, IPv6: 0, Min Delay: -1 ms, Max Speed: 0.00 M/s, Avg Speed: 0.00 M/s, Max Resolution: None
Category: 🌽其他城市频道, Name: 淮安新闻综合, Total: 1, Valid: 0, Valid Percent: 0.00%, Whitelist: 0, IPv4: 1, IPv6: 0, Min Delay: -1 ms, Max Speed: 0.00 M/s, Avg Speed: 0.00 M/s, Max Resolution: None
Category: 🌽其他城市频道, Name: 泰州新闻综合, Total: 1, Valid: 0, Valid Percent: 0.00%, Whitelist: 0, IPv4: 1, IPv6: 0, Min Delay: -1 ms, Max Speed: 0.00 M/s, Avg Speed: 0.00 M/s, Max Resolution: None
Category: 🌽其他城市频道, Name: 连云港新闻综合, Total: 1, Valid: 0, Valid Percent: 0.00%, Whitelist: 0, IPv4: 1, IPv6: 0, Min Delay: -1 ms, Max Speed: 0.00 M/s, Avg Speed: 0.00 M/s, Max Resolution: None
Category: 🌽其他城市频道, Name: 宿迁新闻综合, Total: 1, Valid: 0, Valid Percent: 0.00%, Whitelist: 0, IPv4: 1, IPv6: 0, Min Delay: -1 ms, Max Speed: 0.00 M/s, Avg Speed: 0.00 M/s, Max Resolution: None
Category: 🌽其他城市频道, Name: 徐州新闻综合, Total: 1, Valid: 0, Valid Percent: 0.00%, Whitelist: 0, IPv4: 1, IPv6: 0, Min Delay: -1 ms, Max Speed: 0.00 M/s, Avg Speed: 0.00 M/s, Max Resolution: None
Category: 🌽其他城市频道, Name: 江阴新闻综合, Total: 1, Valid: 0, Valid Percent: 0.00%, Whitelist: 0, IPv4: 1, IPv6: 0, Min Delay: -1 ms, Max Speed: 0.00 M/s, Avg Speed: 0.00 M/s, Max Resolution: None
Category: 🌽其他城市频道, Name: 南通新闻综合, Total: 1, Valid: 0, Valid Percent: 0.00%, Whitelist: 0, IPv4: 1, IPv6: 0, Min Delay: -1 ms, Max Speed: 0.00 M/s, Avg Speed: 0.00 M/s, Max Resolution: None
Category: 🌽其他城市频道, Name: 宜兴新闻综合, Total: 1, Valid: 0, Valid Percent: 0.00%, Whitelist: 0, IPv4: 1, IPv6: 0, Min Delay: -1 ms, Max Speed: 0.00 M/s, Avg Speed: 0.00 M/s, Max Resolution: None
Category: 🌽其他城市频道, Name: 溧水新闻综合, Total: 1, Valid: 0, Valid Percent: 0.00%, Whitelist: 0, IPv4: 1, IPv6: 0, Min Delay: -1 ms, Max Speed: 0.00 M/s, Avg Speed: 0.00 M/s, Max Resolution: None
Category: 🌽其他城市频道, Name: 北京纪实科教, Total: 7, Valid: 6, Valid Percent: 85.71%, Whitelist: 0, IPv4: 7, IPv6: 0, Min Delay: 487 ms, Max Speed: 0.43 M/s, Avg Speed: 0.13 M/s, Max Resolution: 1920x1080
Category: 🌽其他城市频道, Name: 镇江新闻综合, Total: 1, Valid: 0, Valid Percent: 0.00%, Whitelist: 0, IPv4: 1, IPv6: 0, Min Delay: -1 ms, Max Speed: 0.00 M/s, Avg Speed: 0.00 M/s, Max Resolution: None
Category: 🌽其他城市频道, Name: 江苏城市频道, Total: 1, Valid: 0, Valid Percent: 0.00%, Whitelist: 0, IPv4: 1, IPv6: 0, Min Delay: -1 ms, Max Speed: 0.00 M/s, Avg Speed: 0.00 M/s, Max Resolution: None
Category: 🌽其他城市频道, Name: 上海东方财经, Total: 6, Valid: 5, Valid Percent: 83.33%, Whitelist: 0, IPv4: 6, IPv6: 0, Min Delay: 488 ms, Max Speed: 0.12 M/s, Avg Speed: 0.04 M/s, Max Resolution: 1920x1080
Category: 🌽其他城市频道, Name: 江苏影视频道, Total: 1, Valid: 0, Valid Percent: 0.00%, Whitelist: 0, IPv4: 1, IPv6: 0, Min Delay: -1 ms, Max Speed: 0.00 M/s, Avg Speed: 0.00 M/s, Max Resolution: None
Category: 🌽其他城市频道, Name: 南京新闻综合, Total: 2, Valid: 2, Valid Percent: 100.00%, Whitelist: 0, IPv4: 2, IPv6: 0, Min Delay: 495 ms, Max Speed: 0.27 M/s, Avg Speed: 0.27 M/s, Max Resolution: 720x576
Category: 🌽其他城市频道, Name: 上海第一财经, Total: 3, Valid: 2, Valid Percent: 66.67%, Whitelist: 0, IPv4: 3, IPv6: 0, Min Delay: 500 ms, Max Speed: 0.78 M/s, Avg Speed: 0.62 M/s, Max Resolution: 1920x1080
Category: 🌽其他城市频道, Name: 陕西银龄频道, Total: 1, Valid: 0, Valid Percent: 0.00%, Whitelist: 0, IPv4: 1, IPv6: 0, Min Delay: -1 ms, Max Speed: 0.00 M/s, Avg Speed: 0.00 M/s, Max Resolution: None
Category: 🌽其他城市频道, Name: 陕西都市青春频道, Total: 1, Valid: 0, Valid Percent: 0.00%, Whitelist: 0, IPv4: 1, IPv6: 0, Min Delay: -1 ms, Max Speed: 0.00 M/s, Avg Speed: 0.00 M/s, Max Resolution: None
Category: 🌽其他城市频道, Name: 陕西秦腔频道, Total: 1, Valid: 0, Valid Percent: 0.00%, Whitelist: 0, IPv4: 1, IPv6: 0, Min Delay: -1 ms, Max Speed: 0.00 M/s, Avg Speed: 0.00 M/s, Max Resolution: None
Category: 🌽其他城市频道, Name: 江苏国际, Total: 3, Valid: 2, Valid Percent: 66.67%, Whitelist: 0, IPv4: 3, IPv6: 0, Min Delay: 463 ms, Max Speed: 0.33 M/s, Avg Speed: 0.33 M/s, Max Resolution: 720x576
Category: 🌽其他城市频道, Name: 江苏教育, Total: 3, Valid: 1, Valid Percent: 33.33%, Whitelist: 0, IPv4: 3, IPv6: 0, Min Delay: 481 ms, Max Speed: 0.27 M/s, Avg Speed: 0.27 M/s, Max Resolution: 720x576
Category: 🌽其他城市频道, Name: 江苏综艺, Total: 2, Valid: 1, Valid Percent: 50.00%, Whitelist: 0, IPv4: 2, IPv6: 0, Min Delay: 502 ms, Max Speed: 0.29 M/s, Avg Speed: 0.29 M/s, Max Resolution: 720x576
Category: 🌽其他城市频道, Name: 浙江民生休闲, Total: 2, Valid: 2, Valid Percent: 100.00%, Whitelist: 0, IPv4: 2, IPv6: 0, Min Delay: 480 ms, Max Speed: 0.81 M/s, Avg Speed: 0.46 M/s, Max Resolution: 1920x1080
Category: 🌽其他城市频道, Name: 浙江钱江频道, Total: 2, Valid: 2, Valid Percent: 100.00%, Whitelist: 0, IPv4: 2, IPv6: 0, Min Delay: 487 ms, Max Speed: 0.75 M/s, Avg Speed: 0.43 M/s, Max Resolution: 1920x1080
Category: 🌽其他城市频道, Name: 浙江经济生活, Total: 2, Valid: 2, Valid Percent: 100.00%, Whitelist: 0, IPv4: 2, IPv6: 0, Min Delay: 501 ms, Max Speed: 0.82 M/s, Avg Speed: 0.53 M/s, Max Resolution: 1920x1080
